// Jest Snapshot v1, https://goo.gl/fbAQLP

exports[`Router matches snapshot 1`] = `
<Fragment>
  <BrowserRouter>
    <div>
      <Switch>
        <GARoute
          component={[MockFunction]}
          exact={true}
          ga={Object {}}
          path="/"
        />
        <GARoute
          component={[Function]}
          exact={true}
          ga={Object {}}
          path="/flight/:id"
        />
        <GARoute
          exact={true}
          ga={Object {}}
          key="foo"
          path="/passenger/foo"
          render={[Function]}
        />
        <GARoute
          exact={true}
          ga={Object {}}
          key="bar"
          path="/passenger/bar"
          render={[Function]}
        />
        <GARoute
          exact={true}
          ga={Object {}}
          key="baz"
          path="/passenger/baz"
          render={[Function]}
        />
        <GARoute
          component={[Function]}
          exact={true}
          ga={Object {}}
          path="/passenger/:id"
        />
        <GARoute
          component={[MockFunction]}
          ga={Object {}}
        />
      </Switch>
    </div>
  </BrowserRouter>
</Fragment>
`;
